omission	abcd.com
omission	abce.com
omission	abde.com
omission	acde.com
omission	bcde.com
repetition	aabcde.com
repetition	abbcde.com
repetition	abccde.com
repetition	abcdde.com
repetition	abcdee.com
transposition	abced.com
transposition	abdce.com
transposition	acbde.com
transposition	bacde.com
replacement	abcce.com
replacement	abcd3.com
replacement	abcd4.com
replacement	abcdd.com
replacement	abcdr.com
replacement	abcds.com
replacement	abcdw.com
replacement	abcee.com
replacement	abcfe.com
replacement	abcre.com
replacement	abcse.com
replacement	abcxe.com
replacement	abdde.com
replacement	abfde.com
replacement	abvde.com
replacement	abxde.com
replacement	agcde.com
replacement	ahcde.com
replacement	ancde.com
replacement	avcde.com
replacement	qbcde.com
replacement	sbcde.com
replacement	wbcde.com
replacement	zbcde.com
insertion	abcd3e.com
insertion	abcd4e.com
insertion	abcdce.com
insertion	abcde3.com
insertion	abcde4.com
insertion	abcded.com
insertion	abcder.com
insertion	abcdes.com
insertion	abcdew.com
insertion	abcdfe.com
insertion	abcdre.com
insertion	abcdse.com
insertion	abcdwe.com
insertion	abcdxe.com
insertion	abcede.com
insertion	abcfde.com
insertion	abcrde.com
insertion	abcsde.com
insertion	abcvde.com
insertion	abcxde.com
insertion	abdcde.com
insertion	abfcde.com
insertion	abgcde.com
insertion	abhcde.com
insertion	abncde.com
insertion	abvcde.com
insertion	abxcde.com
insertion	agbcde.com
insertion	ahbcde.com
insertion	anbcde.com
insertion	aqbcde.com
insertion	asbcde.com
insertion	avbcde.com
insertion	awbcde.com
insertion	azbcde.com
insertion	qabcde.com
insertion	sabcde.com
insertion	wabcde.com
insertion	zabcde.com
homoglyph	a6cde.com
homoglyph	abccle.com
unicode	xn--abcd-8oa.com
unicode	xn--abcd-epa.com
unicode	xn--abcd-jpa.com
unicode	xn--abcd-opa.com
unicode	xn--abcd-y4d.com
unicode	xn--abce-2ye.com
unicode	xn--abce-sua.com
unicode	xn--abde-1oa.com
unicode	xn--abde-6ta.com
unicode	xn--abde-m6d.com
unicode	xn--bcde-43d.com
unicode	xn--bcde-4na.com
unicode	xn--bcde-9na.com
unicode	xn--bcde-koa.com
unicode	xn--bcde-zna.com
vowel-swap	abcda.com
vowel-swap	abcdi.com
vowel-swap	abcdo.com
vowel-swap	abcdu.com
vowel-swap	ebcde.com
vowel-swap	ibcde.com
vowel-swap	obcde.com
vowel-swap	ubcde.com
hyphen	a-bcde.com
hyphen	ab-cde.com
hyphen	abc-de.com
hyphen	abcd-e.com
dot	a.bcde.com
dot	ab.cde.com
dot	abc.de.com
dot	abcd.e.com
bitflip	abade.com
bitflip	abbde.com
bitflip	abcdg.com
bitflip	abcdm.com
bitflip	abcle.com
bitflip	abcte.com
bitflip	abgde.com
bitflip	abkde.com
bitflip	absde.com
bitflip	accde.com
bitflip	afcde.com
bitflip	ajcde.com
bitflip	arcde.com
bitflip	cbcde.com
tld-swap	abcde.net
tld-swap	abcde.org
