omission	m-app1.co.uk
omission	my-ap1.co.uk
omission	my-app.co.uk
omission	my-pp1.co.uk
omission	myapp1.co.uk
omission	y-app1.co.uk
repetition	mmy-app1.co.uk
repetition	my-aapp1.co.uk
repetition	my-app11.co.uk
repetition	my-appp1.co.uk
repetition	myy-app1.co.uk
transposition	m-yapp1.co.uk
transposition	my-ap1p.co.uk
transposition	my-pap1.co.uk
transposition	mya-pp1.co.uk
transposition	ym-app1.co.uk
replacement	jy-app1.co.uk
replacement	ky-app1.co.uk
replacement	m6-app1.co.uk
replacement	m7-app1.co.uk
replacement	mg-app1.co.uk
replacement	mh-app1.co.uk
replacement	mt-app1.co.uk
replacement	mu-app1.co.uk
replacement	my-a0p1.co.uk
replacement	my-alp1.co.uk
replacement	my-aop1.co.uk
replacement	my-ap01.co.uk
replacement	my-apl1.co.uk
replacement	my-apo1.co.uk
replacement	my-app2.co.uk
replacement	my-appq.co.uk
replacement	my-qpp1.co.uk
replacement	my-spp1.co.uk
replacement	my-wpp1.co.uk
replacement	my-zpp1.co.uk
replacement	ny-app1.co.uk
insertion	jmy-app1.co.uk
insertion	kmy-app1.co.uk
insertion	m6y-app1.co.uk
insertion	m7y-app1.co.uk
insertion	mgy-app1.co.uk
insertion	mhy-app1.co.uk
insertion	mjy-app1.co.uk
insertion	mky-app1.co.uk
insertion	mny-app1.co.uk
insertion	mty-app1.co.uk
insertion	muy-app1.co.uk
insertion	my-a0pp1.co.uk
insertion	my-alpp1.co.uk
insertion	my-aopp1.co.uk
insertion	my-ap0p1.co.uk
insertion	my-aplp1.co.uk
insertion	my-apop1.co.uk
insertion	my-app01.co.uk
insertion	my-app12.co.uk
insertion	my-app1q.co.uk
insertion	my-app21.co.uk
insertion	my-appl1.co.uk
insertion	my-appo1.co.uk
insertion	my-appq1.co.uk
insertion	my-aqpp1.co.uk
insertion	my-aspp1.co.uk
insertion	my-awpp1.co.uk
insertion	my-azpp1.co.uk
insertion	my-qapp1.co.uk
insertion	my-sapp1.co.uk
insertion	my-wapp1.co.uk
insertion	my-zapp1.co.uk
insertion	my6-app1.co.uk
insertion	my7-app1.co.uk
insertion	myg-app1.co.uk
insertion	myh-app1.co.uk
insertion	myt-app1.co.uk
insertion	myu-app1.co.uk
insertion	nmy-app1.co.uk
homoglyph	my-appi.co.uk
homoglyph	my-appl.co.uk
homoglyph	rny-app1.co.uk
unicode	xn--m-app1-bza.co.uk
unicode	xn--m-app1-wrf.co.uk
unicode	xn--my-ap1-erf.co.uk
unicode	xn--my-pp1-5nf.co.uk
unicode	xn--my-pp1-dua.co.uk
unicode	xn--my-pp1-rta.co.uk
vowel-swap	my-epp1.co.uk
vowel-swap	my-ipp1.co.uk
vowel-swap	my-opp1.co.uk
vowel-swap	my-upp1.co.uk
hyphen	m-y-app1.co.uk
hyphen	my-a-pp1.co.uk
hyphen	my-ap-p1.co.uk
hyphen	my-app-1.co.uk
dot	m.y-app1.co.uk
dot	my-a.pp1.co.uk
dot	my-ap.p1.co.uk
dot	my-app.1.co.uk
bitflip	ey-app1.co.uk
bitflip	iy-app1.co.uk
bitflip	ly-app1.co.uk
bitflip	m9-app1.co.uk
bitflip	mi-app1.co.uk
bitflip	mq-app1.co.uk
bitflip	mx-app1.co.uk
bitflip	my-app0.co.uk
bitflip	my-app3.co.uk
bitflip	my-app5.co.uk
bitflip	my-app9.co.uk
bitflip	my-apq1.co.uk
bitflip	my-apr1.co.uk
bitflip	my-apt1.co.uk
bitflip	my-apx1.co.uk
bitflip	my-aqp1.co.uk
bitflip	my-arp1.co.uk
bitflip	my-atp1.co.uk
bitflip	my-axp1.co.uk
bitflip	my-cpp1.co.uk
bitflip	mymapp1.co.uk
bitflip	oy-app1.co.uk
tld-swap	my-app1.com
tld-swap	my-app1.org.uk
